// Jest Snapshot v1, https://goo.gl/fbAQLP

exports[`App renders correctly 1`] = `
<DocumentFragment>
  <div
    class="app"
  >
    <div
      class="table"
    >
      <div
        class="title"
        style="white-space: pre;"
      >
        ♥️ ♣️ ♦️ ♠️ ♥️ ♣️ ♦️ ♠️ ♥️ ♣️ ♦️ ♠️
♠️ ♥️ BLACKJACK TABLE ♣️ ♦️
♥️ ♣️ ♦️ ♠️ ♥️ ♣️ ♦️ ♠️ ♥️ ♣️ ♦️ ♠️
      </div>
      <div
        class="cards-container player"
        data-testid="player-cards"
      >
        <div
          class="cards"
        >
          <div
            class="score"
          >
            Player score: 0
          </div>
          <div
            class="player-hand"
          />
        </div>
      </div>
      <div
        class="buttons"
      >
        <div>
          <button
            class="new-game-button"
            type="button"
          >
            New Game
          </button>
        </div>
        <div>
          <button
            class="play-button"
            disabled=""
            type="button"
          >
            Hit
          </button>
          <button
            class="play-button"
            disabled=""
            type="button"
          >
            Stand
          </button>
        </div>
      </div>
    </div>
  </div>
</DocumentFragment>
`;
