// Jest Snapshot v1, https://goo.gl/fbAQLP

exports[`Cards renders correctly 1`] = `
<DocumentFragment>
  <div
    class="player-hand"
  >
    <div
      class="card-container"
    >
      <div
        class="top-left-rank"
      >
        A
      </div>
      <div
        class="suit"
      >
        Mock
      </div>
      <div
        class="bottom-right-rank"
      >
        A
      </div>
    </div>
    <div
      class="card-container"
    >
      <div
        class="top-left-rank"
      >
        K
      </div>
      <div
        class="suit"
      >
        Mock
      </div>
      <div
        class="bottom-right-rank"
      >
        K
      </div>
    </div>
  </div>
</DocumentFragment>
`;
