// Jest Snapshot v1, https://goo.gl/fbAQLP

exports[`Card renders correctly 1`] = `
<DocumentFragment>
  <div
    class="card-container"
  >
    card
  </div>
</DocumentFragment>
`;
