// Jest Snapshot v1, https://goo.gl/fbAQLP

exports[`Dealer renders correctly 1`] = `
<DocumentFragment>
  <div
    class="cards-container dealer"
  >
    dealer
  </div>
</DocumentFragment>
`;
