// Jest Snapshot v1, https://goo.gl/fbAQLP

exports[`Message renders correctly 1`] = `
<DocumentFragment>
  <div
    class="message-text"
  >
    Enjoy your game
  </div>
</DocumentFragment>
`;
