// Jest Snapshot v1, https://goo.gl/fbAQLP

exports[`NewGame renders correctly 1`] = `
<DocumentFragment>
  <div>
    <button
      class="new-game-button"
      data-testid="new-game-button"
      type="button"
    >
      New Game
    </button>
  </div>
</DocumentFragment>
`;
